// Jest Snapshot v1, https://goo.gl/fbAQLP

exports[`matches snapshot 1`] = `
<DocumentFragment>
  <div>
    <section
      class="Home container"
    >
      <img
        alt="working"
        class="Home-img"
        src="https://static.dribbble.com/users/1714010/screenshots/10822383/media/ea98dfbdc8c2a056427061871bb42edc.gif"
      />
      <div
        class="Home-text"
      >
        <h1>
          Jobly
        </h1>
        <p>
          All the jobs in one, convenient place.
        </p>
        <a
          class="btn light-blue"
          href="/login"
        >
          Log in
        </a>
      </div>
    </section>
  </div>
</DocumentFragment>
`;
